=== Processing: archive_mode ===
Found 1 tuning lake files (pattern=archive_mode*.txt). Starting extraction...
[PROCESS] archive_mode ...
[OK] Saved knowledge_collection/postgres/structured_knowledge/normal/archive_mode.json
=== Processing: autovacuum_analyze_scale_factor ===
Found 1 tuning lake files (pattern=autovacuum_analyze_scale_factor*.txt). Starting extraction...
[PROCESS] autovacuum_analyze_scale_factor ...
[OK] Saved knowledge_collection/postgres/structured_knowledge/normal/autovacuum_analyze_scale_factor.json
=== Processing: autovacuum_analyze_threshold ===
Found 1 tuning lake files (pattern=autovacuum_analyze_threshold*.txt). Starting extraction...
[PROCESS] autovacuum_analyze_threshold ...
[OK] Saved knowledge_collection/postgres/structured_knowledge/normal/autovacuum_analyze_threshold.json
=== Processing: autovacuum ===
Found 14 tuning lake files (pattern=autovacuum*.txt). Starting extraction...
[PROCESS] autovacuum_naptime ...
[OK] Saved knowledge_collection/postgres/structured_knowledge/normal/autovacuum_naptime.json
[PROCESS] autovacuum_freeze_max_age ...
[OK] Saved knowledge_collection/postgres/structured_knowledge/normal/autovacuum_freeze_max_age.json
[PROCESS] autovacuum_vacuum_scale_factor ...
[OK] Saved knowledge_collection/postgres/structured_knowledge/normal/autovacuum_vacuum_scale_factor.json
[PROCESS] autovacuum_multixact_freeze_max_age ...
[OK] Saved knowledge_collection/postgres/structured_knowledge/normal/autovacuum_multixact_freeze_max_age.json
[PROCESS] autovacuum ...
[OK] Saved knowledge_collection/postgres/structured_knowledge/normal/autovacuum.json
[PROCESS] autovacuum_analyze_threshold ...
[OK] Saved knowledge_collection/postgres/structured_knowledge/normal/autovacuum_analyze_threshold.json
[PROCESS] autovacuum_vacuum_insert_scale_factor ...
[OK] Saved knowledge_collection/postgres/structured_knowledge/normal/autovacuum_vacuum_insert_scale_factor.json
[PROCESS] autovacuum_vacuum_threshold ...
[OK] Saved knowledge_collection/postgres/structured_knowledge/normal/autovacuum_vacuum_threshold.json
[PROCESS] autovacuum_vacuum_insert_threshold ...
[OK] Saved knowledge_collection/postgres/structured_knowledge/normal/autovacuum_vacuum_insert_threshold.json
[PROCESS] autovacuum_vacuum_cost_limit ...
[OK] Saved knowledge_collection/postgres/structured_knowledge/normal/autovacuum_vacuum_cost_limit.json
[PROCESS] autovacuum_work_mem ...
[OK] Saved knowledge_collection/postgres/structured_knowledge/normal/autovacuum_work_mem.json
[PROCESS] autovacuum_vacuum_cost_delay ...
[OK] Saved knowledge_collection/postgres/structured_knowledge/normal/autovacuum_vacuum_cost_delay.json
[PROCESS] autovacuum_analyze_scale_factor ...
[OK] Saved knowledge_collection/postgres/structured_knowledge/normal/autovacuum_analyze_scale_factor.json
[PROCESS] autovacuum_max_workers ...
[OK] Saved knowledge_collection/postgres/structured_knowledge/normal/autovacuum_max_workers.json
=== Processing: autovacuum_max_workers ===
Found 1 tuning lake files (pattern=autovacuum_max_workers*.txt). Starting extraction...
[PROCESS] autovacuum_max_workers ...
[OK] Saved knowledge_collection/postgres/structured_knowledge/normal/autovacuum_max_workers.json
=== Processing: autovacuum_multixact_freeze_max_age ===
Found 1 tuning lake files (pattern=autovacuum_multixact_freeze_max_age*.txt). Starting extraction...
[PROCESS] autovacuum_multixact_freeze_max_age ...
[OK] Saved knowledge_collection/postgres/structured_knowledge/normal/autovacuum_multixact_freeze_max_age.json
=== Processing: autovacuum_vacuum_cost_limit ===
Found 1 tuning lake files (pattern=autovacuum_vacuum_cost_limit*.txt). Starting extraction...
[PROCESS] autovacuum_vacuum_cost_limit ...
[OK] Saved knowledge_collection/postgres/structured_knowledge/normal/autovacuum_vacuum_cost_limit.json
=== Processing: autovacuum_vacuum_insert_scale_factor ===
Found 1 tuning lake files (pattern=autovacuum_vacuum_insert_scale_factor*.txt). Starting extraction...
[PROCESS] autovacuum_vacuum_insert_scale_factor ...
[OK] Saved knowledge_collection/postgres/structured_knowledge/normal/autovacuum_vacuum_insert_scale_factor.json
=== Processing: autovacuum_vacuum_insert_threshold ===
Found 1 tuning lake files (pattern=autovacuum_vacuum_insert_threshold*.txt). Starting extraction...
[PROCESS] autovacuum_vacuum_insert_threshold ...
[OK] Saved knowledge_collection/postgres/structured_knowledge/normal/autovacuum_vacuum_insert_threshold.json
=== Processing: autovacuum_vacuum_threshold ===
Found 1 tuning lake files (pattern=autovacuum_vacuum_threshold*.txt). Starting extraction...
[PROCESS] autovacuum_vacuum_threshold ...
[OK] Saved knowledge_collection/postgres/structured_knowledge/normal/autovacuum_vacuum_threshold.json
=== Processing: autovacuum_work_mem ===
Found 1 tuning lake files (pattern=autovacuum_work_mem*.txt). Starting extraction...
[PROCESS] autovacuum_work_mem ...
[OK] Saved knowledge_collection/postgres/structured_knowledge/normal/autovacuum_work_mem.json

=== 完成！验证结果 ===
✓ archive_mode: 837 bytes (完整格式)
✓ autovacuum_analyze_scale_factor: 997 bytes (完整格式)
✓ autovacuum_analyze_threshold: 895 bytes (完整格式)
✓ autovacuum: 974 bytes (完整格式)
✓ autovacuum_max_workers: 960 bytes (完整格式)
✓ autovacuum_multixact_freeze_max_age: 944 bytes (完整格式)
✓ autovacuum_vacuum_cost_limit: 1092 bytes (完整格式)
✓ autovacuum_vacuum_insert_scale_factor: 1036 bytes (完整格式)
✓ autovacuum_vacuum_insert_threshold: 1042 bytes (完整格式)
✓ autovacuum_vacuum_threshold: 945 bytes (完整格式)
✓ autovacuum_work_mem: 1002 bytes (完整格式)
